Archive member included because of file (symbol)

/opt/local/lib/gcc/arm-elf/3.4.6/libgcc.a(_divsi3.o)
                              ROM_RUN/main.o (__divsi3)
/opt/local/lib/gcc/arm-elf/3.4.6/libgcc.a(_dvmd_tls.o)
                              /opt/local/lib/gcc/arm-elf/3.4.6/libgcc.a(_divsi3.o) (__div0)

Discarded input sections

 .data          0x0000000000000000        0x0 ROM_RUN/startup.o
 .bss           0x0000000000000000        0x0 ROM_RUN/startup.o
 .text          0x0000000000000000        0x0 ROM_RUN/irq.o
 .data          0x0000000000000000        0x0 ROM_RUN/irq.o
 .bss           0x0000000000000000        0x0 ROM_RUN/irq.o
 .text          0x0000000000000000        0x0 ROM_RUN/main.o
 .data          0x0000000000000000        0x0 ROM_RUN/main.o
 .bss           0x0000000000000000        0x0 ROM_RUN/main.o
 .text.c2f      0x0000000000000000       0x1c ROM_RUN/main.o
 .text          0x0000000000000000        0x0 ROM_RUN/uart.o
 .data          0x0000000000000000        0x0 ROM_RUN/uart.o
 .bss           0x0000000000000000        0x0 ROM_RUN/uart.o
 .text          0x0000000000000000        0x0 ROM_RUN/system.o
 .data          0x0000000000000000        0x0 ROM_RUN/system.o
 .bss           0x0000000000000000        0x0 ROM_RUN/system.o
 .data          0x0000000000000000        0x0 /opt/local/lib/gcc/arm-elf/3.4.6/libgcc.a(_divsi3.o)
 .bss           0x0000000000000000        0x0 /opt/local/lib/gcc/arm-elf/3.4.6/libgcc.a(_divsi3.o)
 .data          0x0000000000000000        0x0 /opt/local/lib/gcc/arm-elf/3.4.6/libgcc.a(_dvmd_tls.o)
 .bss           0x0000000000000000        0x0 /opt/local/lib/gcc/arm-elf/3.4.6/libgcc.a(_dvmd_tls.o)

Memory Configuration

Name             Origin             Length             Attributes
IntFLASH         0x0000000000080000 0x000000000000f800 xr
IntRAM           0x0000000000010000 0x0000000000002000 rw
*default*        0x0000000000000000 0xffffffffffffffff

Linker script and memory map

LOAD ROM_RUN/startup.o
LOAD ROM_RUN/irq.o
LOAD ROM_RUN/main.o
LOAD ROM_RUN/uart.o
LOAD ROM_RUN/system.o
LOAD /opt/local/lib/gcc/arm-elf/3.4.6/libgcc.a
LOAD /opt/local/lib/gcc/arm-elf/3.4.6/../../../../arm-elf/lib/libc.a
LOAD /opt/local/lib/gcc/arm-elf/3.4.6/libgcc.a

.text           0x0000000000080000      0x8c4
 *startup.o(.text .text.*)
 .text          0x0000000000080000      0x134 ROM_RUN/startup.o
                0x0000000000080000                _startup
 *(.text .stub .text.* .gnu.linkonce.t.*)
 .text.ADI_FIQ_Interrupt_Setup
                0x0000000000080134       0x34 ROM_RUN/irq.o
                0x0000000000080134                ADI_FIQ_Interrupt_Setup
 .text.ADI_SWI_Interrupt_Setup
                0x0000000000080168       0x34 ROM_RUN/irq.o
                0x0000000000080168                ADI_SWI_Interrupt_Setup
 .text.ADI_UNDEF_Interrupt_Setup
                0x000000000008019c       0x34 ROM_RUN/irq.o
                0x000000000008019c                ADI_UNDEF_Interrupt_Setup
 .text.ADI_PABORT_Interrupt_Setup
                0x00000000000801d0       0x2c ROM_RUN/irq.o
                0x00000000000801d0                ADI_PABORT_Interrupt_Setup
 .text.ADI_DABORT_Interrupt_Setup
                0x00000000000801fc       0x2c ROM_RUN/irq.o
                0x00000000000801fc                ADI_DABORT_Interrupt_Setup
 .text.Delay    0x0000000000080228        0xc ROM_RUN/main.o
                0x0000000000080228                Delay
 .text.InitADC  0x0000000000080234       0x48 ROM_RUN/main.o
                0x0000000000080234                InitADC
 .text.ADC_convert
                0x000000000008027c       0x4c ROM_RUN/main.o
                0x000000000008027c                ADC_convert
 .text.hex      0x00000000000802c8       0x40 ROM_RUN/main.o
                0x00000000000802c8                hex
 .text.nl       0x0000000000080308       0x20 ROM_RUN/main.o
                0x0000000000080308                nl
 .text.Tmp      0x0000000000080328       0x38 ROM_RUN/main.o
                0x0000000000080328                Tmp
 .text.main     0x0000000000080360      0x288 ROM_RUN/main.o
                0x0000000000080360                main
 .text.InitUart
                0x00000000000805e8       0x44 ROM_RUN/uart.o
                0x00000000000805e8                InitUart
 .text.getc     0x000000000008062c       0x28 ROM_RUN/uart.o
                0x000000000008062c                getc
 .text.putc     0x0000000000080654       0x28 ROM_RUN/uart.o
                0x0000000000080654                putc
 .text.puts     0x000000000008067c       0x30 ROM_RUN/uart.o
                0x000000000008067c                puts
 .text.itoa     0x00000000000806ac       0x98 ROM_RUN/uart.o
                0x00000000000806ac                itoa
 .text.puti     0x0000000000080744       0x28 ROM_RUN/uart.o
                0x0000000000080744                puti
 .text.InitFreq
                0x000000000008076c       0x2c ROM_RUN/system.o
                0x000000000008076c                InitFreq
 .text          0x0000000000080798      0x128 /opt/local/lib/gcc/arm-elf/3.4.6/libgcc.a(_divsi3.o)
                0x0000000000080798                __divsi3
 .text          0x00000000000808c0        0x4 /opt/local/lib/gcc/arm-elf/3.4.6/libgcc.a(_dvmd_tls.o)
                0x00000000000808c0                __div0
 *(.glue_7t)
 .glue_7t       0x0000000000000000        0x0 linker stubs
 *(.glue_7)
 .glue_7        0x0000000000000000        0x0 linker stubs

.vfp11_veneer   0x00000000000808c4        0x0
 .vfp11_veneer  0x0000000000000000        0x0 linker stubs

.v4_bx          0x00000000000808c4        0x0
 .v4_bx         0x0000000000000000        0x0 linker stubs

.iplt           0x00000000000808c4        0x0
 .iplt          0x0000000000000000        0x0 ROM_RUN/startup.o
                0x00000000000808c4                . = ALIGN (0x4)

.rodata         0x00000000000808c4       0x5c
 *(.rodata .rodata.* .gnu.linkonce.r.*)
 .rodata.str1.4
                0x00000000000808c4       0x11 ROM_RUN/main.o
                                         0x14 (size before relaxing)
 *fill*         0x00000000000808d5        0x3 00
 .rodata.str1.4
                0x00000000000808d8       0x48 ROM_RUN/uart.o

.rel.dyn        0x0000000000080920        0x0
 .rel.iplt      0x0000000000000000        0x0 ROM_RUN/startup.o
                0x0000000000080920                . = ALIGN (0x4)
                0x0000000000080920                _etext = .
                0x0000000000080920                PROVIDE (etext, .)

.data           0x0000000000010000        0x0 load address 0x0000000000080920
                0x0000000000010000                _data = .
 *(.data .data.* .gnu.linkonce.d.*)

.igot.plt       0x0000000000010000        0x0
 .igot.plt      0x0000000000000000        0x0 ROM_RUN/startup.o
                0x0000000000010000                . = ALIGN (0x4)
                0x0000000000010000                _edata = (ADDR (.data) + SIZEOF (.data))
                0x0000000000010000                PROVIDE (edata, _edata)

.bss            0x0000000000010000        0x0
                0x0000000000010000                __bss_start = .
                0x0000000000010000                __bss_start__ = .
 *(.bss)
 *(COMMON)

.bss.IRQ        0x0000000000010000        0x4
 .bss.IRQ       0x0000000000010000        0x4 ROM_RUN/irq.o
                0x0000000000010000                IRQ

.bss.SWI        0x0000000000010004        0x4
 .bss.SWI       0x0000000000010004        0x4 ROM_RUN/irq.o
                0x0000000000010004                SWI

.bss.FIQ        0x0000000000010008        0x4
 .bss.FIQ       0x0000000000010008        0x4 ROM_RUN/irq.o
                0x0000000000010008                FIQ

.bss.UNDEF      0x000000000001000c        0x4
 .bss.UNDEF     0x000000000001000c        0x4 ROM_RUN/irq.o
                0x000000000001000c                UNDEF

.bss.PABORT     0x0000000000010010        0x4
 .bss.PABORT    0x0000000000010010        0x4 ROM_RUN/irq.o
                0x0000000000010010                PABORT

.bss.DABORT     0x0000000000010014        0x4
 .bss.DABORT    0x0000000000010014        0x4 ROM_RUN/irq.o
                0x0000000000010014                DABORT
                0x0000000000010018                . = ALIGN (0x4)
                0x0000000000010018                __bss_end__ = .
                0x0000000000010018                __bss_end__ = .
                0x0000000000010018                _end = .
                0x0000000000010018                PROVIDE (end, .)

.stab
 *(.stab)

.stabstr
 *(.stabstr)

.stab.excl
 *(.stab.excl)

.stab.exclstr
 *(.stab.exclstr)

.stab.index
 *(.stab.index)

.stab.indexstr
 *(.stab.indexstr)

.comment        0x0000000000000000       0x11
 *(.comment)
 .comment       0x0000000000000000       0x11 ROM_RUN/irq.o
                                         0x12 (size before relaxing)
 .comment       0x0000000000000000       0x12 ROM_RUN/main.o
 .comment       0x0000000000000000       0x12 ROM_RUN/uart.o
 .comment       0x0000000000000000       0x12 ROM_RUN/system.o

.ARM.attributes
                0x0000000000000000       0x10
 .ARM.attributes
                0x0000000000000000       0x10 ROM_RUN/startup.o
 .ARM.attributes
                0x0000000000000010       0x10 ROM_RUN/irq.o
 .ARM.attributes
                0x0000000000000020       0x10 ROM_RUN/main.o
 .ARM.attributes
                0x0000000000000030       0x10 ROM_RUN/uart.o
 .ARM.attributes
                0x0000000000000040       0x10 ROM_RUN/system.o
 .ARM.attributes
                0x0000000000000050       0x10 /opt/local/lib/gcc/arm-elf/3.4.6/libgcc.a(_divsi3.o)
 .ARM.attributes
                0x0000000000000060       0x10 /opt/local/lib/gcc/arm-elf/3.4.6/libgcc.a(_dvmd_tls.o)

.debug
 *(.debug)

.line
 *(.line)

.debug_srcinfo
 *(.debug_srcinfo)

.debug_sfnames
 *(.debug_sfnames)

.debug_aranges  0x0000000000000000       0x40
 *(.debug_aranges)
 .debug_aranges
                0x0000000000000000       0x20 /opt/local/lib/gcc/arm-elf/3.4.6/libgcc.a(_divsi3.o)
 .debug_aranges
                0x0000000000000020       0x20 /opt/local/lib/gcc/arm-elf/3.4.6/libgcc.a(_dvmd_tls.o)

.debug_pubnames
 *(.debug_pubnames)

.debug_info     0x0000000000000000      0x214
 *(.debug_info .gnu.linkonce.wi.*)
 .debug_info    0x0000000000000000      0x10a /opt/local/lib/gcc/arm-elf/3.4.6/libgcc.a(_divsi3.o)
 .debug_info    0x000000000000010a      0x10a /opt/local/lib/gcc/arm-elf/3.4.6/libgcc.a(_dvmd_tls.o)

.debug_abbrev   0x0000000000000000       0x28
 *(.debug_abbrev)
 .debug_abbrev  0x0000000000000000       0x14 /opt/local/lib/gcc/arm-elf/3.4.6/libgcc.a(_divsi3.o)
 .debug_abbrev  0x0000000000000014       0x14 /opt/local/lib/gcc/arm-elf/3.4.6/libgcc.a(_dvmd_tls.o)

.debug_line     0x0000000000000000      0x189
 *(.debug_line)
 .debug_line    0x0000000000000000       0xdc /opt/local/lib/gcc/arm-elf/3.4.6/libgcc.a(_divsi3.o)
 .debug_line    0x00000000000000dc       0xad /opt/local/lib/gcc/arm-elf/3.4.6/libgcc.a(_dvmd_tls.o)

.debug_frame
 *(.debug_frame)

.debug_str
 *(.debug_str)

.debug_loc
 *(.debug_loc)

.debug_macinfo
 *(.debug_macinfo)

.debug_weaknames
 *(.debug_weaknames)

.debug_funcnames
 *(.debug_funcnames)

.debug_typenames
 *(.debug_typenames)

.debug_varnames
 *(.debug_varnames)
OUTPUT(ROM_RUN/echo.elf elf32-littlearm)

Cross Reference Table

Symbol                                            File
ADC_convert                                       ROM_RUN/main.o
ADI_DABORT_Interrupt_Setup                        ROM_RUN/irq.o
                                                  ROM_RUN/startup.o
ADI_FIQ_Interrupt_Setup                           ROM_RUN/irq.o
                                                  ROM_RUN/startup.o
ADI_PABORT_Interrupt_Setup                        ROM_RUN/irq.o
                                                  ROM_RUN/startup.o
ADI_SWI_Interrupt_Setup                           ROM_RUN/irq.o
                                                  ROM_RUN/startup.o
ADI_UNDEF_Interrupt_Setup                         ROM_RUN/irq.o
                                                  ROM_RUN/startup.o
DABORT                                            ROM_RUN/irq.o
Delay                                             ROM_RUN/main.o
FIQ                                               ROM_RUN/irq.o
IRQ                                               ROM_RUN/irq.o
                                                  ROM_RUN/startup.o
InitADC                                           ROM_RUN/main.o
InitFreq                                          ROM_RUN/system.o
                                                  ROM_RUN/main.o
InitUart                                          ROM_RUN/uart.o
                                                  ROM_RUN/main.o
PABORT                                            ROM_RUN/irq.o
SWI                                               ROM_RUN/irq.o
Tmp                                               ROM_RUN/main.o
UNDEF                                             ROM_RUN/irq.o
__bss_end__                                       ROM_RUN/startup.o
__bss_start__                                     ROM_RUN/startup.o
__div0                                            /opt/local/lib/gcc/arm-elf/3.4.6/libgcc.a(_dvmd_tls.o)
                                                  /opt/local/lib/gcc/arm-elf/3.4.6/libgcc.a(_divsi3.o)
__divsi3                                          /opt/local/lib/gcc/arm-elf/3.4.6/libgcc.a(_divsi3.o)
                                                  ROM_RUN/uart.o
                                                  ROM_RUN/main.o
_data                                             ROM_RUN/startup.o
_edata                                            ROM_RUN/startup.o
_etext                                            ROM_RUN/startup.o
_startup                                          ROM_RUN/startup.o
c2f                                               ROM_RUN/main.o
getc                                              ROM_RUN/uart.o
                                                  ROM_RUN/main.o
hex                                               ROM_RUN/main.o
itoa                                              ROM_RUN/uart.o
main                                              ROM_RUN/main.o
                                                  ROM_RUN/startup.o
nl                                                ROM_RUN/main.o
putc                                              ROM_RUN/uart.o
                                                  ROM_RUN/main.o
puti                                              ROM_RUN/uart.o
                                                  ROM_RUN/main.o
puts                                              ROM_RUN/uart.o
